// Jest Snapshot v1, https://goo.gl/fbAQLP

exports[`Sketch.ts should render sketch svg 1`] = `
<div class="ako-sketch"
     style="width: 100px; height: 100px;"
     role="Sketch"
>
  <svg class="ako-svg"
       viewbox="0 0 100 100"
       xmlns="http://www.w3.org/2000/svg"
  >
    sketch
  </svg>
</div>
`;
